  Actor.cpp
D:\VORTEXER_\Source\Component.h(3,10): error C1083: include ファイルを開けません。'SDL.h':No such file or directory
  (ソース ファイル 'Actor.cpp' をコンパイルしています)
  
  Actor.h
D:\VORTEXER_\Source\Component.h(3,10): error C1083: include ファイルを開けません。'SDL.h':No such file or directory
  (ソース ファイル 'Actor.h' をコンパイルしています)
  
  AudioComponent.cpp
D:\VORTEXER_\Source\Component.h(3,10): error C1083: include ファイルを開けません。'SDL.h':No such file or directory
  (ソース ファイル 'AudioComponent.cpp' をコンパイルしています)
  
  DataManager.cpp
D:\VORTEXER_\Source\DataManager.cpp(4,10): error C1083: include ファイルを開けません。'SDL.h':No such file or directory
  DeathEffect.cpp
D:\VORTEXER_\Source\Component.h(3,10): error C1083: include ファイルを開けません。'SDL.h':No such file or directory
  (ソース ファイル 'DeathEffect.cpp' をコンパイルしています)
  
  DeathEffect.h
D:\VORTEXER_\Source\Component.h(3,10): error C1083: include ファイルを開けません。'SDL.h':No such file or directory
  (ソース ファイル 'DeathEffect.h' をコンパイルしています)
  
  EnemyBullet.cpp
D:\VORTEXER_\Source\Component.h(3,10): error C1083: include ファイルを開けません。'SDL.h':No such file or directory
  (ソース ファイル 'EnemyBullet.cpp' をコンパイルしています)
  
  Math.cpp
  MiniMapComponent.cpp
D:\VORTEXER_\Source\Component.h(3,10): error C1083: include ファイルを開けません。'SDL.h':No such file or directory
  (ソース ファイル 'MiniMapComponent.cpp' をコンパイルしています)
  
  MiniMapSpriteComponent.cpp
D:\VORTEXER_\Source\Component.h(3,10): error C1083: include ファイルを開けません。'SDL.h':No such file or directory
  (ソース ファイル 'MiniMapSpriteComponent.cpp' をコンパイルしています)
  
  Scenes.cpp
D:\VORTEXER_\Source\Scene.h(2,10): error C1083: include ファイルを開けません。'SDL_stdinc.h':No such file or directory
  (ソース ファイル 'Scenes.cpp' をコンパイルしています)
  
  ScrollItemComponent.cpp
D:\VORTEXER_\Source\ScrollItemComponent.h(2,10): error C1083: include ファイルを開けません。'SDL.h':No such file or directory
  (ソース ファイル 'ScrollItemComponent.cpp' をコンパイルしています)
  
  SpriteSheet.cpp
D:\VORTEXER_\Source\SpriteSheet.h(6,10): error C1083: include ファイルを開けません。'SDL.h':No such file or directory
  (ソース ファイル 'SpriteSheet.cpp' をコンパイルしています)
  
  TileMapComponent.cpp
D:\VORTEXER_\Source\Component.h(3,10): error C1083: include ファイルを開けません。'SDL.h':No such file or directory
  (ソース ファイル 'TileMapComponent.cpp' をコンパイルしています)
  
  Bullet.cpp
D:\VORTEXER_\Source\Component.h(3,10): error C1083: include ファイルを開けません。'SDL.h':No such file or directory
  (ソース ファイル 'Bullet.cpp' をコンパイルしています)
  
  Bullet.h
D:\VORTEXER_\Source\Component.h(3,10): error C1083: include ファイルを開けません。'SDL.h':No such file or directory
  (ソース ファイル 'Bullet.h' をコンパイルしています)
  
  CameraComponent.cpp
D:\VORTEXER_\Source\Component.h(3,10): error C1083: include ファイルを開けません。'SDL.h':No such file or directory
  (ソース ファイル 'CameraComponent.cpp' をコンパイルしています)
  
  CollisionComponent.cpp
D:\VORTEXER_\Source\Component.h(3,10): error C1083: include ファイルを開けません。'SDL.h':No such file or directory
  (ソース ファイル 'CollisionComponent.cpp' をコンパイルしています)
  
  Component.cpp
D:\VORTEXER_\Source\Component.h(3,10): error C1083: include ファイルを開けません。'SDL.h':No such file or directory
  (ソース ファイル 'Component.cpp' をコンパイルしています)
  
  Game.cpp
D:\VORTEXER_\Source\Game.h(2,10): error C1083: include ファイルを開けません。'SDL.h':No such file or directory
  (ソース ファイル 'Game.cpp' をコンパイルしています)
  
  コンパイル中...
  HPBarComponent.cpp
D:\VORTEXER_\Source\Component.h(3,10): error C1083: include ファイルを開けません。'SDL.h':No such file or directory
  (ソース ファイル 'HPBarComponent.cpp' をコンパイルしています)
  
  HPComponent.cpp
D:\VORTEXER_\Source\Component.h(3,10): error C1083: include ファイルを開けません。'SDL.h':No such file or directory
  (ソース ファイル 'HPComponent.cpp' をコンパイルしています)
  
  InputComponent.cpp
D:\VORTEXER_\Source\Component.h(3,10): error C1083: include ファイルを開けません。'SDL.h':No such file or directory
  (ソース ファイル 'InputComponent.cpp' をコンパイルしています)
  
  LockOnComponent.cpp
D:\VORTEXER_\Source\Component.h(3,10): error C1083: include ファイルを開けません。'SDL.h':No such file or directory
  (ソース ファイル 'LockOnComponent.cpp' をコンパイルしています)
  
  LowLevelEnemy.cpp
D:\VORTEXER_\Source\Component.h(3,10): error C1083: include ファイルを開けません。'SDL.h':No such file or directory
  (ソース ファイル 'LowLevelEnemy.cpp' をコンパイルしています)
  
  Main.cpp
D:\VORTEXER_\Source\Game.h(2,10): error C1083: include ファイルを開けません。'SDL.h':No such file or directory
  (ソース ファイル 'Main.cpp' をコンパイルしています)
  
  MoveComponent.cpp
D:\VORTEXER_\Source\Component.h(3,10): error C1083: include ファイルを開けません。'SDL.h':No such file or directory
  (ソース ファイル 'MoveComponent.cpp' をコンパイルしています)
  
  Player.cpp
D:\VORTEXER_\Source\Component.h(3,10): error C1083: include ファイルを開けません。'SDL.h':No such file or directory
  (ソース ファイル 'Player.cpp' をコンパイルしています)
  
  Random.cpp
  SpriteComponent.cpp
D:\VORTEXER_\Source\Component.h(3,10): error C1083: include ファイルを開けません。'SDL.h':No such file or directory
  (ソース ファイル 'SpriteComponent.cpp' をコンパイルしています)
  
  UIButton.cpp
D:\VORTEXER_\Source\UIButton.h(2,10): error C1083: include ファイルを開けません。'SDL.h':No such file or directory
  (ソース ファイル 'UIButton.cpp' をコンパイルしています)
  
  UIManager.cpp
D:\VORTEXER_\Source\UIManager.h(4,10): error C1083: include ファイルを開けません。'SDL.h':No such file or directory
  (ソース ファイル 'UIManager.cpp' をコンパイルしています)
  
  UIManager.h
D:\VORTEXER_\Source\UIManager.h(4,10): error C1083: include ファイルを開けません。'SDL.h':No such file or directory
  WeaponComponent.cpp
D:\VORTEXER_\Source\Component.h(3,10): error C1083: include ファイルを開けません。'SDL.h':No such file or directory
  (ソース ファイル 'WeaponComponent.cpp' をコンパイルしています)
  
