c:\users\庄太郎\onedrive\デスクトップ\vortexer\vortexer\vortexer\x64\debug\vc143.pdb
c:\users\庄太郎\onedrive\デスクトップ\vortexer\vortexer\vortexer\x64\debug\vc143.idb
c:\users\庄太郎\onedrive\デスクトップ\vortexer\vortexer\vortexer\x64\debug\main.obj
c:\users\庄太郎\onedrive\デスクトップ\vortexer\vortexer\vortexer\x64\debug\lowlevelenemy.obj
c:\users\庄太郎\onedrive\デスクトップ\vortexer\vortexer\vortexer\x64\debug\lockoncomponent.obj
c:\users\庄太郎\onedrive\デスクトップ\vortexer\vortexer\vortexer\x64\debug\inputcomponent.obj
c:\users\庄太郎\onedrive\デスクトップ\vortexer\vortexer\vortexer\x64\debug\hpcomponent.obj
c:\users\庄太郎\onedrive\デスクトップ\vortexer\vortexer\vortexer\x64\debug\hpbarcomponent.obj
c:\users\庄太郎\onedrive\デスクトップ\vortexer\vortexer\vortexer\x64\debug\game.obj
c:\users\庄太郎\onedrive\デスクトップ\vortexer\vortexer\vortexer\x64\debug\component.obj
c:\users\庄太郎\onedrive\デスクトップ\vortexer\vortexer\vortexer\x64\debug\collisioncomponent.obj
c:\users\庄太郎\onedrive\デスクトップ\vortexer\vortexer\vortexer\x64\debug\cameracomponent.obj
c:\users\庄太郎\onedrive\デスクトップ\vortexer\vortexer\vortexer\x64\debug\bullet.obj
c:\users\庄太郎\onedrive\デスクトップ\vortexer\vortexer\vortexer\x64\debug\tilemapcomponent.obj
c:\users\庄太郎\onedrive\デスクトップ\vortexer\vortexer\vortexer\x64\debug\enemybullet.obj
c:\users\庄太郎\onedrive\デスクトップ\vortexer\vortexer\vortexer\x64\debug\deatheffect.obj
c:\users\庄太郎\onedrive\デスクトップ\vortexer\vortexer\vortexer\x64\debug\audiocomponent.obj
c:\users\庄太郎\onedrive\デスクトップ\vortexer\vortexer\vortexer\x64\debug\actor.obj
c:\users\庄太郎\onedrive\デスクトップ\vortexer\vortexer\vortexer\x64\debug\weaponcomponent.obj
c:\users\庄太郎\onedrive\デスクトップ\vortexer\vortexer\vortexer\x64\debug\spritecomponent.obj
c:\users\庄太郎\onedrive\デスクトップ\vortexer\vortexer\vortexer\x64\debug\random.obj
c:\users\庄太郎\onedrive\デスクトップ\vortexer\vortexer\vortexer\x64\debug\player.obj
c:\users\庄太郎\onedrive\デスクトップ\vortexer\vortexer\vortexer\x64\debug\movecomponent.obj
c:\users\庄太郎\onedrive\デスクトップ\vortexer\vortexer\vortexer\x64\debug\math.obj
c:\users\庄太郎\onedrive\デスクトップ\vortexer\vortexer\vortexer\x64\debug\vortexer.ilk
c:\users\庄太郎\onedrive\デスクトップ\vortexer\vortexer\x64\debug\vortexer.pdb
c:\users\庄太郎\onedrive\デスクトップ\vortexer\vortexer\vortexer\x64\debug\vortexer.tlog\cl.command.1.tlog
c:\users\庄太郎\onedrive\デスクトップ\vortexer\vortexer\vortexer\x64\debug\vortexer.tlog\cl.items.tlog
c:\users\庄太郎\onedrive\デスクトップ\vortexer\vortexer\vortexer\x64\debug\vortexer.tlog\cl.read.1.tlog
c:\users\庄太郎\onedrive\デスクトップ\vortexer\vortexer\vortexer\x64\debug\vortexer.tlog\cl.write.1.tlog
c:\users\庄太郎\onedrive\デスクトップ\vortexer\vortexer\vortexer\x64\debug\vortexer.tlog\link-cvtres.read.1.tlog
c:\users\庄太郎\onedrive\デスクトップ\vortexer\vortexer\vortexer\x64\debug\vortexer.tlog\link-cvtres.write.1.tlog
c:\users\庄太郎\onedrive\デスクトップ\vortexer\vortexer\vortexer\x64\debug\vortexer.tlog\link-rc.read.1.tlog
c:\users\庄太郎\onedrive\デスクトップ\vortexer\vortexer\vortexer\x64\debug\vortexer.tlog\link-rc.write.1.tlog
c:\users\庄太郎\onedrive\デスクトップ\vortexer\vortexer\vortexer\x64\debug\vortexer.tlog\link.4800-cvtres.read.1.tlog
c:\users\庄太郎\onedrive\デスクトップ\vortexer\vortexer\vortexer\x64\debug\vortexer.tlog\link.4800-cvtres.write.1.tlog
c:\users\庄太郎\onedrive\デスクトップ\vortexer\vortexer\vortexer\x64\debug\vortexer.tlog\link.4800-rc.read.1.tlog
c:\users\庄太郎\onedrive\デスクトップ\vortexer\vortexer\vortexer\x64\debug\vortexer.tlog\link.4800-rc.write.1.tlog
c:\users\庄太郎\onedrive\デスクトップ\vortexer\vortexer\vortexer\x64\debug\vortexer.tlog\link.4800.read.1.tlog
c:\users\庄太郎\onedrive\デスクトップ\vortexer\vortexer\vortexer\x64\debug\vortexer.tlog\link.4800.read.2.tlog
c:\users\庄太郎\onedrive\デスクトップ\vortexer\vortexer\vortexer\x64\debug\vortexer.tlog\link.4800.read.3.tlog
c:\users\庄太郎\onedrive\デスクトップ\vortexer\vortexer\vortexer\x64\debug\vortexer.tlog\link.4800.read.4.tlog
c:\users\庄太郎\onedrive\デスクトップ\vortexer\vortexer\vortexer\x64\debug\vortexer.tlog\link.4800.write.1.tlog
c:\users\庄太郎\onedrive\デスクトップ\vortexer\vortexer\vortexer\x64\debug\vortexer.tlog\link.command.1.tlog
c:\users\庄太郎\onedrive\デスクトップ\vortexer\vortexer\vortexer\x64\debug\vortexer.tlog\link.read.1.tlog
c:\users\庄太郎\onedrive\デスクトップ\vortexer\vortexer\vortexer\x64\debug\vortexer.tlog\link.read.2.tlog
c:\users\庄太郎\onedrive\デスクトップ\vortexer\vortexer\vortexer\x64\debug\vortexer.tlog\link.read.3.tlog
c:\users\庄太郎\onedrive\デスクトップ\vortexer\vortexer\vortexer\x64\debug\vortexer.tlog\link.read.4.tlog
c:\users\庄太郎\onedrive\デスクトップ\vortexer\vortexer\vortexer\x64\debug\vortexer.tlog\link.secondary.1.tlog
c:\users\庄太郎\onedrive\デスクトップ\vortexer\vortexer\vortexer\x64\debug\vortexer.tlog\link.write.1.tlog
