d:\vortexer_ver1.00\source\vortexer\x64\debug\vc143.pdb
d:\vortexer_ver1.00\source\vortexer\x64\debug\vc143.idb
d:\vortexer_ver1.00\source\vortexer\x64\debug\component.obj
d:\vortexer_ver1.00\source\vortexer\x64\debug\collisioncomponent.obj
d:\vortexer_ver1.00\source\vortexer\x64\debug\cameracomponent.obj
d:\vortexer_ver1.00\source\vortexer\x64\debug\bullet.obj
d:\vortexer_ver1.00\source\vortexer\x64\debug\tilemapcomponent.obj
d:\vortexer_ver1.00\source\vortexer\x64\debug\spritesheet.obj
d:\vortexer_ver1.00\source\vortexer\x64\debug\scrollitemcomponent.obj
d:\vortexer_ver1.00\source\vortexer\x64\debug\scenes.obj
d:\vortexer_ver1.00\source\vortexer\x64\debug\minimapspritecomponent.obj
d:\vortexer_ver1.00\source\vortexer\x64\debug\minimapcomponent.obj
d:\vortexer_ver1.00\source\vortexer\x64\debug\math.obj
d:\vortexer_ver1.00\source\vortexer\x64\debug\enemybullet.obj
d:\vortexer_ver1.00\source\vortexer\x64\debug\deatheffect.obj
d:\vortexer_ver1.00\source\vortexer\x64\debug\datamanager.obj
d:\vortexer_ver1.00\source\vortexer\x64\debug\blinkingtextcomponent.obj
d:\vortexer_ver1.00\source\vortexer\x64\debug\audiocomponent.obj
d:\vortexer_ver1.00\source\vortexer\x64\debug\actor.obj
d:\vortexer_ver1.00\source\vortexer\x64\debug\weaponcomponent.obj
d:\vortexer_ver1.00\source\vortexer\x64\debug\uimanager.obj
d:\vortexer_ver1.00\source\vortexer\x64\debug\uibutton.obj
d:\vortexer_ver1.00\source\vortexer\x64\debug\spritecomponent.obj
d:\vortexer_ver1.00\source\vortexer\x64\debug\random.obj
d:\vortexer_ver1.00\source\vortexer\x64\debug\player.obj
d:\vortexer_ver1.00\source\vortexer\x64\debug\movecomponent.obj
d:\vortexer_ver1.00\source\vortexer\x64\debug\main.obj
d:\vortexer_ver1.00\source\vortexer\x64\debug\lowlevelenemy.obj
d:\vortexer_ver1.00\source\vortexer\x64\debug\lockoncomponent.obj
d:\vortexer_ver1.00\source\vortexer\x64\debug\inputcomponent.obj
d:\vortexer_ver1.00\source\vortexer\x64\debug\hpcomponent.obj
d:\vortexer_ver1.00\source\vortexer\x64\debug\hpbarcomponent.obj
d:\vortexer_ver1.00\source\vortexer\x64\debug\game.obj
d:\vortexer_ver1.00\source\vortexer\x64\debug\vortexer.res
d:\vortexer_ver1.00\source\vortexer\x64\debug\vortexer.ilk
d:\vortexer_ver1.00\source\x64\debug\vortexer.pdb
d:\vortexer_ver1.00\source\vortexer\x64\debug\vortexer.tlog\cl.command.1.tlog
d:\vortexer_ver1.00\source\vortexer\x64\debug\vortexer.tlog\cl.items.tlog
d:\vortexer_ver1.00\source\vortexer\x64\debug\vortexer.tlog\cl.read.1.tlog
d:\vortexer_ver1.00\source\vortexer\x64\debug\vortexer.tlog\cl.write.1.tlog
d:\vortexer_ver1.00\source\vortexer\x64\debug\vortexer.tlog\link.8216-cvtres.read.1.tlog
d:\vortexer_ver1.00\source\vortexer\x64\debug\vortexer.tlog\link.8216-cvtres.write.1.tlog
d:\vortexer_ver1.00\source\vortexer\x64\debug\vortexer.tlog\link.8216-rc.read.1.tlog
d:\vortexer_ver1.00\source\vortexer\x64\debug\vortexer.tlog\link.8216-rc.write.1.tlog
d:\vortexer_ver1.00\source\vortexer\x64\debug\vortexer.tlog\link.8216.read.1.tlog
d:\vortexer_ver1.00\source\vortexer\x64\debug\vortexer.tlog\link.8216.read.2.tlog
d:\vortexer_ver1.00\source\vortexer\x64\debug\vortexer.tlog\link.8216.read.3.tlog
d:\vortexer_ver1.00\source\vortexer\x64\debug\vortexer.tlog\link.8216.read.5.tlog
d:\vortexer_ver1.00\source\vortexer\x64\debug\vortexer.tlog\link.8216.write.1.tlog
d:\vortexer_ver1.00\source\vortexer\x64\debug\vortexer.tlog\link.command.1.tlog
d:\vortexer_ver1.00\source\vortexer\x64\debug\vortexer.tlog\link.read.1.tlog
d:\vortexer_ver1.00\source\vortexer\x64\debug\vortexer.tlog\link.secondary.1.tlog
d:\vortexer_ver1.00\source\vortexer\x64\debug\vortexer.tlog\link.write.1.tlog
d:\vortexer_ver1.00\source\vortexer\x64\debug\vortexer.tlog\rc.command.1.tlog
d:\vortexer_ver1.00\source\vortexer\x64\debug\vortexer.tlog\rc.read.1.tlog
d:\vortexer_ver1.00\source\vortexer\x64\debug\vortexer.tlog\rc.write.1.tlog
